src/app/page.tsx(76,9): error TS2322: Type '{ key: string; label: string; type?: string | undefined; }[]' is not assignable to type 'ColumnSchema[]'.
  Type '{ key: string; label: string; type?: string | undefined; }' is not assignable to type 'ColumnSchema'.
    Types of property 'type' are incompatible.
      Type 'string | undefined' is not assignable to type '"number" | "text" | "select" | undefined'.
        Type 'string' is not assignable to type '"number" | "text" | "select" | undefined'.
